[debug] [2025-09-09T08:27:57.601Z] ----------------------------------------------------------------------
[debug] [2025-09-09T08:27:57.603Z] Command:       C:\Program Files\nodejs\node.exe C:\Users\Nathan\AppData\Roaming\npm\node_modules\firebase-tools\lib\bin\firebase.js init functions
[debug] [2025-09-09T08:27:57.603Z] CLI Version:   14.15.2
[debug] [2025-09-09T08:27:57.603Z] Platform:      win32
[debug] [2025-09-09T08:27:57.603Z] Node Version:  v22.14.0
[debug] [2025-09-09T08:27:57.604Z] Time:          Tue Sep 09 2025 04:27:57 GMT-0400 (Eastern Daylight Time)
[debug] [2025-09-09T08:27:57.604Z] ----------------------------------------------------------------------
[debug] 
[debug] [2025-09-09T08:27:57.608Z] > command requires scopes: ["email","openid","https://www.googleapis.com/auth/cloudplatformprojects.readonly","https://www.googleapis.com/auth/firebase","https://www.googleapis.com/auth/cloud-platform"]
[debug] [2025-09-09T08:27:57.609Z] > authorizing via signed-in user (legacygamer331@gmail.com)
[info] 
     ######## #### ########  ######## ########     ###     ######  ########
     ##        ##  ##     ## ##       ##     ##  ##   ##  ##       ##
     ######    ##  ########  ######   ########  #########  ######  ######
     ##        ##  ##    ##  ##       ##     ## ##     ##       ## ##
     ##       #### ##     ## ######## ########  ##     ##  ######  ########

You're about to initialize a Firebase project in this directory:

  E:\Code\Noted\noted\src

[info] 
=== Project Setup
[info] 
[info] First, let's associate this project directory with a Firebase project.
[info] You can create multiple project aliases by running firebase use --add, 
[info] but for now we'll just set up a default project.
[info] 
[debug] [2025-09-09T08:28:03.953Z] Checked if tokens are valid: true, expires at: 1757409634664
[debug] [2025-09-09T08:28:03.953Z] Checked if tokens are valid: true, expires at: 1757409634664
[debug] [2025-09-09T08:28:03.954Z] >>> [apiv2][query] GET https://firebase.googleapis.com/v1beta1/projects pageSize=100
[debug] [2025-09-09T08:28:04.368Z] <<< [apiv2][status] GET https://firebase.googleapis.com/v1beta1/projects 200
[debug] [2025-09-09T08:28:04.368Z] <<< [apiv2][body] GET https://firebase.googleapis.com/v1beta1/projects [omitted]
[info] i  Using project noted-11d5b (Noted) 
[info] 
=== Functions Setup
[debug] [2025-09-09T08:28:06.088Z] > command requires scopes: ["email","openid","https://www.googleapis.com/auth/cloudplatformprojects.readonly","https://www.googleapis.com/auth/firebase","https://www.googleapis.com/auth/cloud-platform"]
[debug] [2025-09-09T08:28:06.088Z] > authorizing via signed-in user (legacygamer331@gmail.com)
[debug] [2025-09-09T08:28:06.088Z] [iam] checking project noted-11d5b for permissions ["firebase.projects.get"]
[debug] [2025-09-09T08:28:06.088Z] Checked if tokens are valid: true, expires at: 1757409634664
[debug] [2025-09-09T08:28:06.088Z] Checked if tokens are valid: true, expires at: 1757409634664
[debug] [2025-09-09T08:28:06.088Z] >>> [apiv2][query] POST https://cloudresourcemanager.googleapis.com/v1/projects/noted-11d5b:testIamPermissions [none]
[debug] [2025-09-09T08:28:06.088Z] >>> [apiv2][(partial)header] POST https://cloudresourcemanager.googleapis.com/v1/projects/noted-11d5b:testIamPermissions x-goog-quota-user=projects/noted-11d5b
[debug] [2025-09-09T08:28:06.088Z] >>> [apiv2][body] POST https://cloudresourcemanager.googleapis.com/v1/projects/noted-11d5b:testIamPermissions {"permissions":["firebase.projects.get"]}
[debug] [2025-09-09T08:28:06.299Z] <<< [apiv2][status] POST https://cloudresourcemanager.googleapis.com/v1/projects/noted-11d5b:testIamPermissions 200
[debug] [2025-09-09T08:28:06.299Z] <<< [apiv2][body] POST https://cloudresourcemanager.googleapis.com/v1/projects/noted-11d5b:testIamPermissions {"permissions":["firebase.projects.get"]}
[info] Let's create a new codebase for your functions.
[info] A directory corresponding to the codebase will be created in your project
[info] with sample code pre-configured.

[info] See https://firebase.google.com/docs/functions/organize-functions for
[info] more information on organizing your functions using codebases.

[info] Functions can be deployed with firebase deploy.

[info] +  Wrote functions/package.json 
[info] +  Wrote functions/.eslintrc.js 
[info] +  Wrote functions/index.js 
[info] +  Wrote functions/.gitignore 
